
vamsi@Vamsii MINGW64 ~
$ git version
git version 2.49.0.windows.1

vamsi@Vamsii MINGW64 ~
$ git config --global --list
user.name=Vamsi1807
user.email=vamsigopavarapu07@gmail.com
core.editor=notepad++.exe -multiInst -nosession

vamsi@Vamsii MINGW64 ~
$ git init GitDemo
Initialized empty Git repository in C:/Users/vamsi/GitDemo/.git/

vamsi@Vamsii MINGW64 ~
$ cd GitDemo

vamsi@Vamsii MINGW64 ~/GitDemo (master)
$ echo "Welcome to the version control" >> welcome.txt

vamsi@Vamsii MINGW64 ~/GitDemo (master)
$ ls -al
total 29
drwxr-xr-x 1 vamsi 197121  0 Aug  5 10:40 ./
drwxr-xr-x 1 vamsi 197121  0 Aug  5 10:40 ../
drwxr-xr-x 1 vamsi 197121  0 Aug  5 10:40 .git/
-rw-r--r-- 1 vamsi 197121 31 Aug  5 10:40 welcome.txt

vamsi@Vamsii MINGW64 ~/GitDemo (master)
$ cat welcome.txt
Welcome to the version control

vamsi@Vamsii MINGW64 ~/GitDemo (master)
$ git status
On branch master

No commits yet

Untracked files:
  (use "git add <file>..." to include in what will be committed)
        welcome.txt

nothing added to commit but untracked files present (use "git add" to track)

vamsi@Vamsii MINGW64 ~/GitDemo (master)
$ git add welcome.txt
warning: in the working copy of 'welcome.txt', LF will be replaced by CRLF the next time Git touches it

vamsi@Vamsii MINGW64 ~/GitDemo (master)
$ git commit
[master (root-commit) 1bb16a1] welcome.txt added..
 1 file changed, 1 insertion(+)
 create mode 100644 welcome.txt

vamsi@Vamsii MINGW64 ~/GitDemo (master)
$ git status
On branch master
nothing to commit, working tree clean


vamsi@Vamsii MINGW64 ~/GitDemo (master)
$ git remote set-url origin https://gitlab.com/cognizant-practice/GitDemo.git

vamsi@Vamsii MINGW64 ~/GitDemo (master)
$ git remote -v
origin  https://gitlab.com/cognizant-practice/GitDemo.git (fetch)
origin  https://gitlab.com/cognizant-practice/GitDemo.git (push)

vamsi@Vamsii MINGW64 ~/GitDemo (main)
$ git branch -m "master"

vamsi@Vamsii MINGW64 ~/GitDemo (master)
$ git branch -m "main"

vamsi@Vamsii MINGW64 ~/GitDemo (main)
$ git pull origin main --allow-unrelated-histories
From https://gitlab.com/cognizant-practice/GitDemo
 * branch            main       -> FETCH_HEAD
Merge made by the 'ort' strategy.
 README.md | 93 +++++++++++++++++++++++++++++++++++++++++++++++++++++++++++++++
 1 file changed, 93 insertions(+)
 create mode 100644 README.md

vamsi@Vamsii MINGW64 ~/GitDemo (main)
$ git push origin main
Enumerating objects: 6, done.
Counting objects: 100% (6/6), done.
Delta compression using up to 12 threads
Compressing objects: 100% (3/3), done.
Writing objects: 100% (5/5), 574 bytes | 287.00 KiB/s, done.
Total 5 (delta 0), reused 0 (delta 0), pack-reused 0 (from 0)
To https://gitlab.com/cognizant-practice/GitDemo.git
   b939377..fcfb9ed  main -> main
